tests/scripts/test-users-crud.ts(115,49): error TS2345: Argument of type 'number' is not assignable to parameter of type 'string'.
tests/scripts/test-users-crud.ts(124,48): error TS2345: Argument of type 'number' is not assignable to parameter of type 'string'.
tests/scripts/test-users-crud.ts(157,51): error TS2345: Argument of type 'number' is not assignable to parameter of type 'string'.
tests/scripts/test-users-crud.ts(171,52): error TS2345: Argument of type 'number' is not assignable to parameter of type 'string'.
tests/scripts/test-users-crud.ts(212,39): error TS2345: Argument of type 'number' is not assignable to parameter of type 'string'.
tests/scripts/test-users-crud.ts(217,39): error TS2345: Argument of type 'number' is not assignable to parameter of type 'string'.
tests/scripts/test-users-crud.ts(222,39): error TS2345: Argument of type 'number' is not assignable to parameter of type 'string'.
tests/scripts/test-users-crud.ts(227,64): error TS2345: Argument of type 'number' is not assignable to parameter of type 'string'.
tests/scripts/test-users-crud.ts(228,66): error TS2345: Argument of type 'number' is not assignable to parameter of type 'string'.
tests/scripts/test-users-crud.ts(229,64): error TS2345: Argument of type 'number' is not assignable to parameter of type 'string'.
tests/scripts/test-users-crud.ts(245,39): error TS2345: Argument of type 'number' is not assignable to parameter of type 'string'.
tests/scripts/test-users-crud.ts(246,65): error TS2345: Argument of type 'number' is not assignable to parameter of type 'string'.
tests/scripts/test-users-crud.ts(256,39): error TS2345: Argument of type 'number' is not assignable to parameter of type 'string'.
tests/scripts/test-users-crud.ts(257,62): error TS2345: Argument of type 'number' is not assignable to parameter of type 'string'.
tests/scripts/test-users-crud.ts(269,48): error TS2345: Argument of type 'number' is not assignable to parameter of type 'string'.
tests/scripts/test-users-crud.ts(314,11): error TS2322: Type 'bigint[]' is not assignable to type 'string[] | FieldRef<"User", "String[]"> | undefined'.
  Type 'bigint[]' is not assignable to type 'string[]'.
    Type 'bigint' is not assignable to type 'string'.
tests/scripts/test-users-crud.ts(331,19): error TS2322: Type 'bigint[]' is not assignable to type 'string[] | FieldRef<"User", "String[]"> | undefined'.
  Type 'bigint[]' is not assignable to type 'string[]'.
    Type 'bigint' is not assignable to type 'string'.
tests/unit/ChatManagementService.spec.ts(29,7): error TS2420: Class 'InMemoryConvRepo' incorrectly implements interface 'ConversationRepository'.
  Type 'InMemoryConvRepo' is missing the following properties from type 'ConversationRepository': searchByKeyword, findByIds
tests/unit/ChatManagementService.spec.ts(147,7): error TS2420: Class 'InMemoryMsgRepo' incorrectly implements interface 'MessageRepository'.
  Property 'searchByKeyword' is missing in type 'InMemoryMsgRepo' but required in type 'MessageRepository'.
tests/unit/ChatManagementService.spec.ts(299,39): error TS2345: Argument of type 'InMemoryConvRepo' is not assignable to parameter of type 'ConversationRepository'.
  Type 'InMemoryConvRepo' is missing the following properties from type 'ConversationRepository': searchByKeyword, findByIds
tests/unit/ChatManagementService.spec.ts(300,33): error TS2345: Argument of type 'InMemoryMsgRepo' is not assignable to parameter of type 'MessageRepository'.
  Property 'searchByKeyword' is missing in type 'InMemoryMsgRepo' but required in type 'MessageRepository'.
tests/unit/ConversationService.spec.ts(21,7): error TS2420: Class 'InMemoryConvRepo' incorrectly implements interface 'ConversationRepository'.
  Type 'InMemoryConvRepo' is missing the following properties from type 'ConversationRepository': searchByKeyword, findByIds
tests/unit/ConversationService.spec.ts(130,35): error TS2345: Argument of type 'InMemoryConvRepo' is not assignable to parameter of type 'ConversationRepository'.
  Type 'InMemoryConvRepo' is missing the following properties from type 'ConversationRepository': searchByKeyword, findByIds
tests/unit/MessageService.spec.ts(25,7): error TS2420: Class 'InMemoryMsgRepo' incorrectly implements interface 'MessageRepository'.
  Property 'searchByKeyword' is missing in type 'InMemoryMsgRepo' but required in type 'MessageRepository'.
tests/unit/MessageService.spec.ts(173,32): error TS2345: Argument of type 'InMemoryMsgRepo' is not assignable to parameter of type 'MessageRepository'.
  Property 'searchByKeyword' is missing in type 'InMemoryMsgRepo' but required in type 'MessageRepository'.
