[00:43:18.213] [33mWARN[39m (16624): [36mRetrying NoteService.restoreFolder.transaction due to transient error (attempt 1)[39m [90m{"attempt":1,"label":"NoteService.restoreFolder.transaction"}[39m
    err: {
      "type": "TypeError",
      "message": "this.graphManagementService.restoreNodesByOrigIds is not a function",
      "stack":
          TypeError: this.graphManagementService.restoreNodesByOrigIds is not a function
              at C:\Users\hik88\Desktop\BIT_Uni\TACO 4\GraphNode\src\core\services\NoteService.ts:519:49
              at processTicksAndRejections (node:internal/process/task_queues:105:5)
              at Object.withTransaction (C:\Users\hik88\Desktop\BIT_Uni\TACO 4\GraphNode\tests\unit\note.services.spec.ts:13:49)
              at label (C:\Users\hik88\Desktop\BIT_Uni\TACO 4\GraphNode\src\core\services\NoteService.ts:483:11)
              at NoteService.restoreFolder (C:\Users\hik88\Desktop\BIT_Uni\TACO 4\GraphNode\src\core\services\NoteService.ts:481:7)
              at Object.<anonymous> (C:\Users\hik88\Desktop\BIT_Uni\TACO 4\GraphNode\tests\unit\note.services.spec.ts:491:5)
    }
[00:43:18.354] [33mWARN[39m (26580): [36mRetrying ChatManagementService.createConversation.transaction due to transient error (attempt 1)[39m [90m{"attempt":1,"label":"ChatManagementService.createConversation.transaction"}[39m
    err: {
      "type": "ValidationError",
      "message": "Title cannot be empty",
      "stack":
          Error: Title cannot be empty
              at C:\Users\hik88\Desktop\BIT_Uni\TACO 4\GraphNode\src\core\services\ChatManagementService.ts:81:21
              at Object.<anonymous> (C:\Users\hik88\Desktop\BIT_Uni\TACO 4\GraphNode\tests\unit\ChatManagementService.spec.ts:24:57)
              at C:\Users\hik88\Desktop\BIT_Uni\TACO 4\GraphNode\node_modules\jest-mock\build\index.js:397:39
              at Object.<anonymous> (C:\Users\hik88\Desktop\BIT_Uni\TACO 4\GraphNode\node_modules\jest-mock\build\index.js:404:13)
              at Object.mockConstructor (C:\Users\hik88\Desktop\BIT_Uni\TACO 4\GraphNode\node_modules\jest-mock\build\index.js:103:19)
              at label (C:\Users\hik88\Desktop\BIT_Uni\TACO 4\GraphNode\src\core\services\ChatManagementService.ts:77:25)
              at RetryOperation.runAttempt [as _fn] (C:\Users\hik88\Desktop\BIT_Uni\TACO 4\GraphNode\node_modules\async-retry\lib\index.js:42:15)
              at RetryOperation.Object.<anonymous>.RetryOperation.attempt (C:\Users\hik88\Desktop\BIT_Uni\TACO 4\GraphNode\node_modules\async-retry\node_modules\retry\lib\retry_operation.js:116:8)
              at run (C:\Users\hik88\Desktop\BIT_Uni\TACO 4\GraphNode\node_modules\async-retry\lib\index.js:55:8)
              at new Promise (<anonymous>)
              at retry (C:\Users\hik88\Desktop\BIT_Uni\TACO 4\GraphNode\node_modules\async-retry\lib\index.js:58:10)
              at withRetry (C:\Users\hik88\Desktop\BIT_Uni\TACO 4\GraphNode\src\shared\utils\retry.ts:47:15)
              at ChatManagementService.createConversation (C:\Users\hik88\Desktop\BIT_Uni\TACO 4\GraphNode\src\core\services\ChatManagementService.ts:75:22)
              at Object.<anonymous> (C:\Users\hik88\Desktop\BIT_Uni\TACO 4\GraphNode\tests\unit\ChatManagementService.spec.ts:327:28)
              at Promise.then.completed (C:\Users\hik88\Desktop\BIT_Uni\TACO 4\GraphNode\node_modules\jest-circus\build\utils.js:298:28)
              at new Promise (<anonymous>)
              at callAsyncCircusFn (C:\Users\hik88\Desktop\BIT_Uni\TACO 4\GraphNode\node_modules\jest-circus\build\utils.js:231:10)
              at _callCircusTest (C:\Users\hik88\Desktop\BIT_Uni\TACO 4\GraphNode\node_modules\jest-circus\build\run.js:316:40)
              at processTicksAndRejections (node:internal/process/task_queues:105:5)
              at _runTest (C:\Users\hik88\Desktop\BIT_Uni\TACO 4\GraphNode\node_modules\jest-circus\build\run.js:252:3)
              at _runTestsForDescribeBlock (C:\Users\hik88\Desktop\BIT_Uni\TACO 4\GraphNode\node_modules\jest-circus\build\run.js:126:9)
              at _runTestsForDescribeBlock (C:\Users\hik88\Desktop\BIT_Uni\TACO 4\GraphNode\node_modules\jest-circus\build\run.js:121:9)
              at _runTestsForDescribeBlock (C:\Users\hik88\Desktop\BIT_Uni\TACO 4\GraphNode\node_modules\jest-circus\build\run.js:121:9)
              at run (C:\Users\hik88\Desktop\BIT_Uni\TACO 4\GraphNode\node_modules\jest-circus\build\run.js:71:3)
              at runAndTransformResultsToJestFormat (C:\Users\hik88\Desktop\BIT_Uni\TACO 4\GraphNode\node_modules\jest-circus\build\legacy-code-todo-rewrite\jestAdapterInit.js:122:21)
              at jestAdapter (C:\Users\hik88\Desktop\BIT_Uni\TACO 4\GraphNode\node_modules\jest-circus\build\legacy-code-todo-rewrite\jestAdapter.js:79:19)
              at runTestInternal (C:\Users\hik88\Desktop\BIT_Uni\TACO 4\GraphNode\node_modules\jest-runner\build\runTest.js:367:16)
              at runTest (C:\Users\hik88\Desktop\BIT_Uni\TACO 4\GraphNode\node_modules\jest-runner\build\runTest.js:444:34)
              at Object.worker (C:\Users\hik88\Desktop\BIT_Uni\TACO 4\GraphNode\node_modules\jest-runner\build\testWorker.js:106:12)
      "retryable": false,
      "code": "VALIDATION_FAILED",
      "httpStatus": 400
    }
[00:43:19.884] [33mWARN[39m (16624): [36mRetrying NoteService.restoreFolder.transaction due to transient error (attempt 2)[39m [90m{"attempt":2,"label":"NoteService.restoreFolder.transaction"}[39m
    err: {
      "type": "TypeError",
      "message": "this.graphManagementService.restoreNodesByOrigIds is not a function",
      "stack":
          TypeError: this.graphManagementService.restoreNodesByOrigIds is not a function
              at C:\Users\hik88\Desktop\BIT_Uni\TACO 4\GraphNode\src\core\services\NoteService.ts:519:49
              at Object.withTransaction (C:\Users\hik88\Desktop\BIT_Uni\TACO 4\GraphNode\tests\unit\note.services.spec.ts:13:49)
              at label (C:\Users\hik88\Desktop\BIT_Uni\TACO 4\GraphNode\src\core\services\NoteService.ts:483:11)
              at NoteService.restoreFolder (C:\Users\hik88\Desktop\BIT_Uni\TACO 4\GraphNode\src\core\services\NoteService.ts:481:7)
              at Object.<anonymous> (C:\Users\hik88\Desktop\BIT_Uni\TACO 4\GraphNode\tests\unit\note.services.spec.ts:491:5)
    }
[00:43:20.146] [33mWARN[39m (26580): [36mRetrying ChatManagementService.createConversation.transaction due to transient error (attempt 2)[39m [90m{"attempt":2,"label":"ChatManagementService.createConversation.transaction"}[39m
    err: {
      "type": "ValidationError",
      "message": "Title cannot be empty",
      "stack":
          Error: Title cannot be empty
              at C:\Users\hik88\Desktop\BIT_Uni\TACO 4\GraphNode\src\core\services\ChatManagementService.ts:81:21
              at Object.<anonymous> (C:\Users\hik88\Desktop\BIT_Uni\TACO 4\GraphNode\tests\unit\ChatManagementService.spec.ts:24:57)
              at C:\Users\hik88\Desktop\BIT_Uni\TACO 4\GraphNode\node_modules\jest-mock\build\index.js:397:39
              at Object.<anonymous> (C:\Users\hik88\Desktop\BIT_Uni\TACO 4\GraphNode\node_modules\jest-mock\build\index.js:404:13)
              at Object.mockConstructor (C:\Users\hik88\Desktop\BIT_Uni\TACO 4\GraphNode\node_modules\jest-mock\build\index.js:103:19)
              at label (C:\Users\hik88\Desktop\BIT_Uni\TACO 4\GraphNode\src\core\services\ChatManagementService.ts:77:25)
              at RetryOperation.runAttempt [as _fn] (C:\Users\hik88\Desktop\BIT_Uni\TACO 4\GraphNode\node_modules\async-retry\lib\index.js:42:15)
              at Timeout._onTimeout (C:\Users\hik88\Desktop\BIT_Uni\TACO 4\GraphNode\node_modules\async-retry\node_modules\retry\lib\retry_operation.js:85:10)
              at listOnTimeout (node:internal/timers:588:17)
              at processTimers (node:internal/timers:523:7)
      "retryable": false,
      "code": "VALIDATION_FAILED",
      "httpStatus": 400
    }
[00:43:23.577] [33mWARN[39m (16624): [36mRetrying NoteService.restoreFolder.transaction due to transient error (attempt 3)[39m [90m{"attempt":3,"label":"NoteService.restoreFolder.transaction"}[39m
    err: {
      "type": "TypeError",
      "message": "this.graphManagementService.restoreNodesByOrigIds is not a function",
      "stack":
          TypeError: this.graphManagementService.restoreNodesByOrigIds is not a function
              at C:\Users\hik88\Desktop\BIT_Uni\TACO 4\GraphNode\src\core\services\NoteService.ts:519:49
              at Object.withTransaction (C:\Users\hik88\Desktop\BIT_Uni\TACO 4\GraphNode\tests\unit\note.services.spec.ts:13:49)
              at label (C:\Users\hik88\Desktop\BIT_Uni\TACO 4\GraphNode\src\core\services\NoteService.ts:483:11)
              at NoteService.restoreFolder (C:\Users\hik88\Desktop\BIT_Uni\TACO 4\GraphNode\src\core\services\NoteService.ts:481:7)
              at Object.<anonymous> (C:\Users\hik88\Desktop\BIT_Uni\TACO 4\GraphNode\tests\unit\note.services.spec.ts:491:5)
    }
[00:43:22.953] [33mWARN[39m (26580): [36mRetrying ChatManagementService.createConversation.transaction due to transient error (attempt 3)[39m [90m{"attempt":3,"label":"ChatManagementService.createConversation.transaction"}[39m
    err: {
      "type": "ValidationError",
      "message": "Title cannot be empty",
      "stack":
          Error: Title cannot be empty
              at C:\Users\hik88\Desktop\BIT_Uni\TACO 4\GraphNode\src\core\services\ChatManagementService.ts:81:21
              at Object.<anonymous> (C:\Users\hik88\Desktop\BIT_Uni\TACO 4\GraphNode\tests\unit\ChatManagementService.spec.ts:24:57)
              at C:\Users\hik88\Desktop\BIT_Uni\TACO 4\GraphNode\node_modules\jest-mock\build\index.js:397:39
              at Object.<anonymous> (C:\Users\hik88\Desktop\BIT_Uni\TACO 4\GraphNode\node_modules\jest-mock\build\index.js:404:13)
              at Object.mockConstructor (C:\Users\hik88\Desktop\BIT_Uni\TACO 4\GraphNode\node_modules\jest-mock\build\index.js:103:19)
              at label (C:\Users\hik88\Desktop\BIT_Uni\TACO 4\GraphNode\src\core\services\ChatManagementService.ts:77:25)
              at RetryOperation.runAttempt [as _fn] (C:\Users\hik88\Desktop\BIT_Uni\TACO 4\GraphNode\node_modules\async-retry\lib\index.js:42:15)
              at Timeout._onTimeout (C:\Users\hik88\Desktop\BIT_Uni\TACO 4\GraphNode\node_modules\async-retry\node_modules\retry\lib\retry_operation.js:85:10)
              at listOnTimeout (node:internal/timers:588:17)
              at processTimers (node:internal/timers:523:7)
      "retryable": false,
      "code": "VALIDATION_FAILED",
      "httpStatus": 400
    }
[00:43:28.596] [33mWARN[39m (16624): [36mRetrying NoteService.deleteFolder.transaction due to transient error (attempt 1)[39m [90m{"attempt":1,"label":"NoteService.deleteFolder.transaction"}[39m
    err: {
      "type": "Error",
      "message": "Tx Failed",
      "stack":
          Error: Tx Failed
              at Object.withTransaction (C:\Users\hik88\Desktop\BIT_Uni\TACO 4\GraphNode\tests\unit\note.services.spec.ts:512:17)
              at label (C:\Users\hik88\Desktop\BIT_Uni\TACO 4\GraphNode\src\core\services\NoteService.ts:399:25)
              at RetryOperation.runAttempt [as _fn] (C:\Users\hik88\Desktop\BIT_Uni\TACO 4\GraphNode\node_modules\async-retry\lib\index.js:42:15)
              at RetryOperation.Object.<anonymous>.RetryOperation.attempt (C:\Users\hik88\Desktop\BIT_Uni\TACO 4\GraphNode\node_modules\async-retry\node_modules\retry\lib\retry_operation.js:116:8)
              at run (C:\Users\hik88\Desktop\BIT_Uni\TACO 4\GraphNode\node_modules\async-retry\lib\index.js:55:8)
              at new Promise (<anonymous>)
              at retry (C:\Users\hik88\Desktop\BIT_Uni\TACO 4\GraphNode\node_modules\async-retry\lib\index.js:58:10)
              at withRetry (C:\Users\hik88\Desktop\BIT_Uni\TACO 4\GraphNode\src\shared\utils\retry.ts:47:15)
              at NoteService.deleteFolder (C:\Users\hik88\Desktop\BIT_Uni\TACO 4\GraphNode\src\core\services\NoteService.ts:397:22)
              at Object.<anonymous> (C:\Users\hik88\Desktop\BIT_Uni\TACO 4\GraphNode\tests\unit\note.services.spec.ts:519:26)
    }
[00:43:27.975] [33mWARN[39m (26580): [36mRetrying ChatManagementService.deleteAllConversations.transaction due to transient error (attempt 1)[39m [90m{"attempt":1,"label":"ChatManagementService.deleteAllConversations.transaction"}[39m
    err: {
      "type": "TypeError",
      "message": "this.graphManagementService.deleteGraph is not a function",
      "stack":
          TypeError: this.graphManagementService.deleteGraph is not a function
              at C:\Users\hik88\Desktop\BIT_Uni\TACO 4\GraphNode\src\core\services\ChatManagementService.ts:906:47
              at Object.<anonymous> (C:\Users\hik88\Desktop\BIT_Uni\TACO 4\GraphNode\tests\unit\ChatManagementService.spec.ts:24:51)
              at label (C:\Users\hik88\Desktop\BIT_Uni\TACO 4\GraphNode\src\core\services\ChatManagementService.ts:898:11)
              at ChatManagementService.deleteAllConversations (C:\Users\hik88\Desktop\BIT_Uni\TACO 4\GraphNode\src\core\services\ChatManagementService.ts:896:7)
              at Object.<anonymous> (C:\Users\hik88\Desktop\BIT_Uni\TACO 4\GraphNode\tests\unit\ChatManagementService.spec.ts:418:23)
    }
[00:43:29.435] [33mWARN[39m (26580): [36mRetrying ChatManagementService.deleteAllConversations.transaction due to transient error (attempt 2)[39m [90m{"attempt":2,"label":"ChatManagementService.deleteAllConversations.transaction"}[39m
    err: {
      "type": "TypeError",
      "message": "this.graphManagementService.deleteGraph is not a function",
      "stack":
          TypeError: this.graphManagementService.deleteGraph is not a function
              at C:\Users\hik88\Desktop\BIT_Uni\TACO 4\GraphNode\src\core\services\ChatManagementService.ts:906:47
              at Object.<anonymous> (C:\Users\hik88\Desktop\BIT_Uni\TACO 4\GraphNode\tests\unit\ChatManagementService.spec.ts:24:51)
              at label (C:\Users\hik88\Desktop\BIT_Uni\TACO 4\GraphNode\src\core\services\ChatManagementService.ts:898:11)
              at ChatManagementService.deleteAllConversations (C:\Users\hik88\Desktop\BIT_Uni\TACO 4\GraphNode\src\core\services\ChatManagementService.ts:896:7)
              at Object.<anonymous> (C:\Users\hik88\Desktop\BIT_Uni\TACO 4\GraphNode\tests\unit\ChatManagementService.spec.ts:418:23)
    }
[00:43:29.804] [33mWARN[39m (16624): [36mRetrying NoteService.deleteFolder.transaction due to transient error (attempt 2)[39m [90m{"attempt":2,"label":"NoteService.deleteFolder.transaction"}[39m
    err: {
      "type": "Error",
      "message": "Tx Failed",
      "stack":
          Error: Tx Failed
              at Object.withTransaction (C:\Users\hik88\Desktop\BIT_Uni\TACO 4\GraphNode\tests\unit\note.services.spec.ts:512:17)
              at label (C:\Users\hik88\Desktop\BIT_Uni\TACO 4\GraphNode\src\core\services\NoteService.ts:399:25)
              at RetryOperation.runAttempt [as _fn] (C:\Users\hik88\Desktop\BIT_Uni\TACO 4\GraphNode\node_modules\async-retry\lib\index.js:42:15)
              at Timeout._onTimeout (C:\Users\hik88\Desktop\BIT_Uni\TACO 4\GraphNode\node_modules\async-retry\node_modules\retry\lib\retry_operation.js:85:10)
              at listOnTimeout (node:internal/timers:588:17)
              at processTimers (node:internal/timers:523:7)
    }
[00:43:31.875] [33mWARN[39m (16624): [36mRetrying NoteService.deleteFolder.transaction due to transient error (attempt 3)[39m [90m{"attempt":3,"label":"NoteService.deleteFolder.transaction"}[39m
    err: {
      "type": "Error",
      "message": "Tx Failed",
      "stack":
          Error: Tx Failed
              at Object.withTransaction (C:\Users\hik88\Desktop\BIT_Uni\TACO 4\GraphNode\tests\unit\note.services.spec.ts:512:17)
              at label (C:\Users\hik88\Desktop\BIT_Uni\TACO 4\GraphNode\src\core\services\NoteService.ts:399:25)
              at RetryOperation.runAttempt [as _fn] (C:\Users\hik88\Desktop\BIT_Uni\TACO 4\GraphNode\node_modules\async-retry\lib\index.js:42:15)
              at Timeout._onTimeout (C:\Users\hik88\Desktop\BIT_Uni\TACO 4\GraphNode\node_modules\async-retry\node_modules\retry\lib\retry_operation.js:85:10)
              at listOnTimeout (node:internal/timers:588:17)
              at processTimers (node:internal/timers:523:7)
    }
[00:43:33.020] [33mWARN[39m (26580): [36mRetrying ChatManagementService.deleteAllConversations.transaction due to transient error (attempt 3)[39m [90m{"attempt":3,"label":"ChatManagementService.deleteAllConversations.transaction"}[39m
    err: {
      "type": "TypeError",
      "message": "this.graphManagementService.deleteGraph is not a function",
      "stack":
          TypeError: this.graphManagementService.deleteGraph is not a function
              at C:\Users\hik88\Desktop\BIT_Uni\TACO 4\GraphNode\src\core\services\ChatManagementService.ts:906:47
              at Object.<anonymous> (C:\Users\hik88\Desktop\BIT_Uni\TACO 4\GraphNode\tests\unit\ChatManagementService.spec.ts:24:51)
              at label (C:\Users\hik88\Desktop\BIT_Uni\TACO 4\GraphNode\src\core\services\ChatManagementService.ts:898:11)
              at ChatManagementService.deleteAllConversations (C:\Users\hik88\Desktop\BIT_Uni\TACO 4\GraphNode\src\core\services\ChatManagementService.ts:896:7)
              at Object.<anonymous> (C:\Users\hik88\Desktop\BIT_Uni\TACO 4\GraphNode\tests\unit\ChatManagementService.spec.ts:418:23)
    }
FAIL tests/unit/note.services.spec.ts (21.961 s)
  ● NoteService › soft delete and restore note

    TypeError: this.graphManagementService.restoreNodesByOrigIds is not a function

    [0m [90m 271 |[39m
     [90m 272 |[39m     [90m// 연관된 지식 그래프 연쇄 복원 (Linked Restoration)[39m
    [31m[1m>[22m[39m[90m 273 |[39m     [36mawait[39m [36mthis[39m[33m.[39mgraphManagementService[33m.[39mrestoreNodesByOrigIds(userId[33m,[39m [noteId])[33m;[39m
     [90m     |[39m                                       [31m[1m^[22m[39m
     [90m 274 |[39m   }
     [90m 275 |[39m
     [90m 276 |[39m   [90m/**[39m[0m

      at NoteService.restoreNote (src/core/services/NoteService.ts:273:39)
      at Object.<anonymous> (tests/unit/note.services.spec.ts:430:5)

  ● NoteService › restoreFolder performs cascade restore

    NoteService.restoreFolder failed

    [0m [90m 532 |[39m       }
     [90m 533 |[39m       [36mif[39m ((err [36mas[39m any)[33m.[39mcode [33m===[39m [32m'NOT_FOUND'[39m) [36mthrow[39m err[33m;[39m
    [31m[1m>[22m[39m[90m 534 |[39m       [36mthrow[39m [36mnew[39m [33mUpstreamError[39m([32m'NoteService.restoreFolder failed'[39m[33m,[39m { cause[33m:[39m [33mString[39m(err) })[33m;[39m
     [90m     |[39m             [31m[1m^[22m[39m
     [90m 535 |[39m     } [36mfinally[39m {
     [90m 536 |[39m       [36mawait[39m session[33m.[39mendSession()[33m;[39m
     [90m 537 |[39m     }[0m

      at NoteService.restoreFolder (src/core/services/NoteService.ts:534:13)
      at Object.<anonymous> (tests/unit/note.services.spec.ts:491:5)

  ● NoteService › deleteFolder handles transaction error

    expect(received).rejects.toThrow(expected)

    Expected substring: "Tx Failed"
    Received message:   "NoteService.deleteFolder failed"

        [0m [90m 458 |[39m       }
         [90m 459 |[39m       [36mif[39m ((err [36mas[39m any)[33m.[39mcode [33m===[39m [32m'NOT_FOUND'[39m) [36mthrow[39m err[33m;[39m
        [31m[1m>[22m[39m[90m 460 |[39m       [36mthrow[39m [36mnew[39m [33mUpstreamError[39m([32m'NoteService.deleteFolder failed'[39m[33m,[39m { cause[33m:[39m [33mString[39m(err) })[33m;[39m
         [90m     |[39m             [31m[1m^[22m[39m
         [90m 461 |[39m     } [36mfinally[39m {
         [90m 462 |[39m       [36mawait[39m session[33m.[39mendSession()[33m;[39m
         [90m 463 |[39m     }[0m

      at NoteService.deleteFolder (src/core/services/NoteService.ts:460:13)
      at Object.<anonymous> (tests/unit/note.services.spec.ts:519:5)
      at Object.toThrow (node_modules/expect/build/index.js:218:22)
      at Object.<anonymous> (tests/unit/note.services.spec.ts:519:71)

[00:43:38.069] [33mWARN[39m (26580): [36mRetrying ChatManagementService.restoreMessage.transaction due to transient error (attempt 1)[39m [90m{"attempt":1,"label":"ChatManagementService.restoreMessage.transaction"}[39m
    err: {
      "type": "TypeError",
      "message": "this.graphManagementService.restoreNodesByOrigIds is not a function",
      "stack":
          TypeError: this.graphManagementService.restoreNodesByOrigIds is not a function
              at C:\Users\hik88\Desktop\BIT_Uni\TACO 4\GraphNode\src\core\services\ChatManagementService.ts:805:47
              at Object.<anonymous> (C:\Users\hik88\Desktop\BIT_Uni\TACO 4\GraphNode\tests\unit\ChatManagementService.spec.ts:24:51)
              at label (C:\Users\hik88\Desktop\BIT_Uni\TACO 4\GraphNode\src\core\services\ChatManagementService.ts:786:11)
              at ChatManagementService.restoreMessage (C:\Users\hik88\Desktop\BIT_Uni\TACO 4\GraphNode\src\core\services\ChatManagementService.ts:784:7)
              at Object.<anonymous> (C:\Users\hik88\Desktop\BIT_Uni\TACO 4\GraphNode\tests\unit\ChatManagementService.spec.ts:475:8)
    }
[00:43:39.991] [33mWARN[39m (26580): [36mRetrying ChatManagementService.restoreMessage.transaction due to transient error (attempt 2)[39m [90m{"attempt":2,"label":"ChatManagementService.restoreMessage.transaction"}[39m
    err: {
      "type": "TypeError",
      "message": "this.graphManagementService.restoreNodesByOrigIds is not a function",
      "stack":
          TypeError: this.graphManagementService.restoreNodesByOrigIds is not a function
              at C:\Users\hik88\Desktop\BIT_Uni\TACO 4\GraphNode\src\core\services\ChatManagementService.ts:805:47
              at Object.<anonymous> (C:\Users\hik88\Desktop\BIT_Uni\TACO 4\GraphNode\tests\unit\ChatManagementService.spec.ts:24:51)
              at label (C:\Users\hik88\Desktop\BIT_Uni\TACO 4\GraphNode\src\core\services\ChatManagementService.ts:786:11)
              at ChatManagementService.restoreMessage (C:\Users\hik88\Desktop\BIT_Uni\TACO 4\GraphNode\src\core\services\ChatManagementService.ts:784:7)
              at Object.<anonymous> (C:\Users\hik88\Desktop\BIT_Uni\TACO 4\GraphNode\tests\unit\ChatManagementService.spec.ts:475:8)
    }
[00:43:43.763] [33mWARN[39m (26580): [36mRetrying ChatManagementService.restoreMessage.transaction due to transient error (attempt 3)[39m [90m{"attempt":3,"label":"ChatManagementService.restoreMessage.transaction"}[39m
    err: {
      "type": "TypeError",
      "message": "this.graphManagementService.restoreNodesByOrigIds is not a function",
      "stack":
          TypeError: this.graphManagementService.restoreNodesByOrigIds is not a function
              at C:\Users\hik88\Desktop\BIT_Uni\TACO 4\GraphNode\src\core\services\ChatManagementService.ts:805:47
              at Object.<anonymous> (C:\Users\hik88\Desktop\BIT_Uni\TACO 4\GraphNode\tests\unit\ChatManagementService.spec.ts:24:51)
              at label (C:\Users\hik88\Desktop\BIT_Uni\TACO 4\GraphNode\src\core\services\ChatManagementService.ts:786:11)
              at ChatManagementService.restoreMessage (C:\Users\hik88\Desktop\BIT_Uni\TACO 4\GraphNode\src\core\services\ChatManagementService.ts:784:7)
              at Object.<anonymous> (C:\Users\hik88\Desktop\BIT_Uni\TACO 4\GraphNode\tests\unit\ChatManagementService.spec.ts:475:8)
    }
[00:43:48.778] [33mWARN[39m (26580): [36mRetrying ChatManagementService.restoreConversation.transaction due to transient error (attempt 1)[39m [90m{"attempt":1,"label":"ChatManagementService.restoreConversation.transaction"}[39m
    err: {
      "type": "TypeError",
      "message": "this.graphManagementService.restoreNodesByOrigIds is not a function",
      "stack":
          TypeError: this.graphManagementService.restoreNodesByOrigIds is not a function
              at C:\Users\hik88\Desktop\BIT_Uni\TACO 4\GraphNode\src\core\services\ChatManagementService.ts:536:49
              at Object.<anonymous> (C:\Users\hik88\Desktop\BIT_Uni\TACO 4\GraphNode\tests\unit\ChatManagementService.spec.ts:24:51)
              at label (C:\Users\hik88\Desktop\BIT_Uni\TACO 4\GraphNode\src\core\services\ChatManagementService.ts:525:11)
              at ChatManagementService.restoreConversation (C:\Users\hik88\Desktop\BIT_Uni\TACO 4\GraphNode\src\core\services\ChatManagementService.ts:523:7)
              at Object.<anonymous> (C:\Users\hik88\Desktop\BIT_Uni\TACO 4\GraphNode\tests\unit\ChatManagementService.spec.ts:504:9)
    }
[00:43:50.286] [33mWARN[39m (26580): [36mRetrying ChatManagementService.restoreConversation.transaction due to transient error (attempt 2)[39m [90m{"attempt":2,"label":"ChatManagementService.restoreConversation.transaction"}[39m
    err: {
      "type": "TypeError",
      "message": "this.graphManagementService.restoreNodesByOrigIds is not a function",
      "stack":
          TypeError: this.graphManagementService.restoreNodesByOrigIds is not a function
              at C:\Users\hik88\Desktop\BIT_Uni\TACO 4\GraphNode\src\core\services\ChatManagementService.ts:536:49
              at Object.<anonymous> (C:\Users\hik88\Desktop\BIT_Uni\TACO 4\GraphNode\tests\unit\ChatManagementService.spec.ts:24:51)
              at label (C:\Users\hik88\Desktop\BIT_Uni\TACO 4\GraphNode\src\core\services\ChatManagementService.ts:525:11)
              at ChatManagementService.restoreConversation (C:\Users\hik88\Desktop\BIT_Uni\TACO 4\GraphNode\src\core\services\ChatManagementService.ts:523:7)
              at Object.<anonymous> (C:\Users\hik88\Desktop\BIT_Uni\TACO 4\GraphNode\tests\unit\ChatManagementService.spec.ts:504:9)
    }
[00:43:54.154] [33mWARN[39m (26580): [36mRetrying ChatManagementService.restoreConversation.transaction due to transient error (attempt 3)[39m [90m{"attempt":3,"label":"ChatManagementService.restoreConversation.transaction"}[39m
    err: {
      "type": "TypeError",
      "message": "this.graphManagementService.restoreNodesByOrigIds is not a function",
      "stack":
          TypeError: this.graphManagementService.restoreNodesByOrigIds is not a function
              at C:\Users\hik88\Desktop\BIT_Uni\TACO 4\GraphNode\src\core\services\ChatManagementService.ts:536:49
              at Object.<anonymous> (C:\Users\hik88\Desktop\BIT_Uni\TACO 4\GraphNode\tests\unit\ChatManagementService.spec.ts:24:51)
              at label (C:\Users\hik88\Desktop\BIT_Uni\TACO 4\GraphNode\src\core\services\ChatManagementService.ts:525:11)
              at ChatManagementService.restoreConversation (C:\Users\hik88\Desktop\BIT_Uni\TACO 4\GraphNode\src\core\services\ChatManagementService.ts:523:7)
              at Object.<anonymous> (C:\Users\hik88\Desktop\BIT_Uni\TACO 4\GraphNode\tests\unit\ChatManagementService.spec.ts:504:9)
    }
FAIL tests/unit/ChatManagementService.spec.ts (44.798 s)
  ● ChatManagementService › deleteAllConversations › should delete all conversations and messages for user

    ChatService.deleteAllConversations failed

    [0m [90m 919 |[39m       }
     [90m 920 |[39m       [36mif[39m (err [36minstanceof[39m [33mAppError[39m) [36mthrow[39m err[33m;[39m
    [31m[1m>[22m[39m[90m 921 |[39m       [36mthrow[39m [36mnew[39m [33mUpstreamError[39m([32m'ChatService.deleteAllConversations failed'[39m[33m,[39m { cause[33m:[39m [33mString[39m(err) })[33m;[39m
     [90m     |[39m             [31m[1m^[22m[39m
     [90m 922 |[39m     } [36mfinally[39m {
     [90m 923 |[39m       [36mawait[39m session[33m.[39mendSession()[33m;[39m
     [90m 924 |[39m     }[0m

      at ChatManagementService.deleteAllConversations (src/core/services/ChatManagementService.ts:921:13)
      at Object.<anonymous> (tests/unit/ChatManagementService.spec.ts:418:23)

  ● ChatManagementService › Message Operations › restoreMessage restores

    ChatService.restoreMessage failed

    [0m [90m 818 |[39m       }
     [90m 819 |[39m       [36mif[39m (err [36minstanceof[39m [33mAppError[39m) [36mthrow[39m err[33m;[39m
    [31m[1m>[22m[39m[90m 820 |[39m       [36mthrow[39m [36mnew[39m [33mUpstreamError[39m([32m'ChatService.restoreMessage failed'[39m[33m,[39m { cause[33m:[39m [33mString[39m(err) })[33m;[39m
     [90m     |[39m             [31m[1m^[22m[39m
     [90m 821 |[39m     } [36mfinally[39m {
     [90m 822 |[39m       [36mawait[39m session[33m.[39mendSession()[33m;[39m
     [90m 823 |[39m     }[0m

      at ChatManagementService.restoreMessage (src/core/services/ChatManagementService.ts:820:13)
      at Object.<anonymous> (tests/unit/ChatManagementService.spec.ts:475:8)

  ● ChatManagementService › Cascading Deletes › restoreConversation cascades to messages

    ChatService.restoreConversation failed

    [0m [90m 550 |[39m       }
     [90m 551 |[39m       [36mif[39m (err [36minstanceof[39m [33mAppError[39m) [36mthrow[39m err[33m;[39m
    [31m[1m>[22m[39m[90m 552 |[39m       [36mthrow[39m [36mnew[39m [33mUpstreamError[39m([32m'ChatService.restoreConversation failed'[39m[33m,[39m { cause[33m:[39m [33mString[39m(err) })[33m;[39m
     [90m     |[39m             [31m[1m^[22m[39m
     [90m 553 |[39m     } [36mfinally[39m {
     [90m 554 |[39m       [36mawait[39m session[33m.[39mendSession()[33m;[39m
     [90m 555 |[39m     }[0m

      at ChatManagementService.restoreConversation (src/core/services/ChatManagementService.ts:552:13)
      at Object.<anonymous> (tests/unit/ChatManagementService.spec.ts:504:9)

Test Suites: 2 failed, 2 total
Tests:       6 failed, 21 passed, 27 total
Snapshots:   0 total
Time:        45.552 s
Ran all test suites matching /tests\\unit\\ChatManagementService.spec.ts|tests\\unit\\note.services.spec.ts/i.
