
> graphnode_be@1.0.0 test
> jest tests/unit/ChatManagementService.spec.ts

node.exe : FAIL tests/unit/ChatManagementService.spec.ts
所在位置 C:\Program Files\nodejs\npm.ps1:29 字符: 3
+   & $NODE_EXE $NPM_CLI_JS $args
+   ~~~~~~~~~~~~~~~~~~~~~~~~~~~~~
    + CategoryInfo          : NotSpecified: (FAIL tests/unit... 
   Service.spec.ts:String) [], RemoteException
    + FullyQualifiedErrorId : NativeCommandError
 
  鈼?Test suite failed to run

    [96mtests/unit/ChatManagementService.spec.ts[0m:[93m142[
0m:[93m38[0m - [91merror[0m[90m TS18048: [0m'v.deletedAt' 
is possibly 'undefined'.

    [7m142[0m       (v) => v.deletedAt !== null && v.deletedAt
 <= expiredBefore.getTime()
    [7m   [0m [91m                                     ~~~~~~
~~~~~[0m

----------------------------|---------|----------|---------|---------|-------------------
File                        | % Stmts | % Branch | % Funcs | % Lines | Uncovered Line #s 
----------------------------|---------|----------|---------|---------|-------------------
All files                   |       0 |        0 |       0 |       0 |                   
 controllers                |       0 |        0 |       0 |       0 |                   
  AiController.ts           |       0 |        0 |       0 |       0 | 18-470            
  AuthApple.ts              |       0 |        0 |       0 |       0 | 6-105             
  AuthGoogle.ts             |       0 |        0 |       0 |       0 | 7-100             
  AuthSession.ts            |       0 |        0 |       0 |       0 | 7-72              
  FileController.ts         |       0 |        0 |       0 |       0 | 2-92              
  GraphAiController.ts      |       0 |        0 |       0 |       0 | 4-165             
  GraphController.ts        |       0 |        0 |       0 |       0 | 18-360            
  MeController.ts           |       0 |      100 |       0 |       0 | 2-150             
  MicroscopeController.ts   |       0 |        0 |       0 |       0 | 2-101             
  NoteController.ts         |       0 |        0 |       0 |       0 | 5-235             
  NotificationController.ts |       0 |        0 |       0 |       0 | 4-120             
  SubscriptionController.ts |       0 |      100 |       0 |       0 | 11-70             
  SyncController.ts         |       0 |      100 |       0 |       0 | 5-81              
 middlewares                |       0 |        0 |       0 |       0 |                   
  auth.ts                   |       0 |      100 |       0 |       0 | 15-16             
  authJwt.ts                |       0 |        0 |       0 |       0 | 3-92              
  error.ts                  |       0 |        0 |       0 |       0 | 2-62              
  internal.ts               |       0 |        0 |       0 |       0 | 3-30              
  request-context.ts        |       0 |        0 |       0 |       0 | 2-45              
  session.ts                |       0 |      100 |     100 |       0 | 10-17             
 presenters                 |       0 |        0 |       0 |       0 |                   
  problem.ts                |       0 |        0 |       0 |       0 | 7-23              
 routes                     |       0 |        0 |       0 |       0 |                   
  AgentRouter.ts            |       0 |        0 |       0 |       0 | 1-633             
  AiRouter.ts               |       0 |        0 |       0 |       0 | 5-94              
  AuthAppleRouter.ts        |       0 |      100 |     100 |       0 | 1-15              
  AuthGoogleRouter.ts       |       0 |      100 |     100 |       0 | 5-19              
  AuthSessionRouter.ts      |       0 |      100 |     100 |       0 | 9-30              
  FileRouter.ts             |       0 |      100 |       0 |       0 | 1-25              
  GraphAiRouter.ts          |       0 |      100 |       0 |       0 | 1-51              
  GraphRouter.ts            |       0 |      100 |       0 |       0 | 6-70              
  HealthRouter.ts           |       0 |      100 |       0 |       0 | 1-20              
  MeRouter.ts               |       0 |      100 |       0 |       0 | 1-45              
  MicroscopeRouter.ts       |       0 |      100 |       0 |       0 | 1-29              
  NoteRouter.ts             |       0 |      100 |       0 |       0 | 1-46              
  NotificationRouter.ts     |       0 |      100 |       0 |       0 | 1-46              
  SubscribtionRouter.ts     |       0 |      100 |     100 |       0 | 1-27              
  SyncRouter.ts             |       0 |      100 |       0 |       0 | 1-21              
 utils                      |       0 |        0 |       0 |       0 |                   
  asyncHandler.ts           |       0 |      100 |       0 |       0 | 27-33             
  authLogin.ts              |       0 |        0 |       0 |       0 | 7-81              
  jwt.ts                    |       0 |        0 |       0 |       0 | 1-93              
  request.ts                |       0 |        0 |       0 |       0 | 3-27              
  sessionCookies.ts         |       0 |        0 |       0 |       0 | 15-114            
----------------------------|---------|----------|---------|---------|-------------------
Jest: "global" coverage threshold for statements (80%) not met: 
0%
Jest: "global" coverage threshold for branches (70%) not met: 0%
Jest: "global" coverage threshold for lines (80%) not met: 0%
Jest: "global" coverage threshold for functions (80%) not met: 0
%
Test Suites: 1 failed, 1 total
Tests:       0 total
Snapshots:   0 total
Time:        25.911 s
Ran all test suites matching /tests\\unit\\ChatManagementService
.spec.ts/i.
